// Jest Snapshot v1, https://goo.gl/fbAQLP

exports[`snowpack-plugin-mdx should compile .svelte file: .js 1`] = `
Object {
  "code": "/* generated by Svelte v3.29.0 */
import {
	SvelteComponent,
	append,
	attr,
	detach,
	element,
	init,
	insert,
	noop,
	safe_not_equal
} from \\"svelte/internal\\";

import { styled } from \\"@studiobear/designspek\\";

function create_fragment(ctx) {
	let div;
	let h3;

	return {
		c() {
			div = element(\\"div\\");
			h3 = element(\\"h3\\");
			h3.textContent = \\"Designspek\\";
			attr(div, \\"class\\", container);
		},
		m(target, anchor) {
			insert(target, div, anchor);
			append(div, h3);
		},
		p: noop,
		i: noop,
		o: noop,
		d(detaching) {
			if (detaching) detach(div);
		}
	};
}

const container = \\"go2225017453\\";

class Component extends SvelteComponent {
	constructor(options) {
		super();
		init(this, options, null, create_fragment, safe_not_equal, {});
	}
}

export default Component;",
}
`;
